// Jest Snapshot v1, https://goo.gl/fbAQLP

exports[`ProductList matches snapshot 1`] = `
<div
  className="products"
>
  <div
    className="item"
    onClick={[Function]}
  >
    <div
      className="item-image"
    >
      <img
        alt="Remera Lisa Algod贸n Jersey Peinado Premium"
        src="http://mla-s1-p.mlstatic.com/876978-MLA31035095700_062019-I.jpg"
      />
    </div>
    <div
      className="item-description"
    >
      <div
        className="item-price"
      >
        $ 
        259
        <span
          className="item-decimals"
        >
          
        </span>
      </div>
      <div
        className="item-title"
      >
        Remera Lisa Algod贸n Jersey Peinado Premium
      </div>
    </div>
    <div
      className="item-condition"
    >
      <span>
        Nuevo
      </span>
    </div>
  </div>
  <div
    className="item"
    onClick={[Function]}
  >
    <div
      className="item-image"
    >
      <img
        alt="Remeras Personalizadas Estampada Sublimada Tu Logo"
        src="http://mla-s1-p.mlstatic.com/974505-MLA31102958584_062019-I.jpg"
      />
    </div>
    <div
      className="item-description"
    >
      <div
        className="item-price"
      >
        $ 
        199
        <span
          className="item-decimals"
        >
          99
        </span>
      </div>
      <div
        className="item-title"
      >
        Remeras Personalizadas Estampada Sublimada Tu Logo
      </div>
    </div>
    <div
      className="item-condition"
    >
      <span>
        Nuevo
      </span>
    </div>
  </div>
  <div
    className="item"
    onClick={[Function]}
  >
    <div
      className="item-image"
    >
      <img
        alt="Remeras De Algodon Premium Al Por Mayor"
        src="http://mla-s2-p.mlstatic.com/828346-MLA31115819250_062019-I.jpg"
      />
    </div>
    <div
      className="item-description"
    >
      <div
        className="item-price"
      >
        $ 
        260
        <span
          className="item-decimals"
        >
          
        </span>
      </div>
      <div
        className="item-title"
      >
        Remeras De Algodon Premium Al Por Mayor
      </div>
    </div>
    <div
      className="item-condition"
    >
      <span>
        Nuevo
      </span>
    </div>
  </div>
  <div
    className="item"
    onClick={[Function]}
  >
    <div
      className="item-image"
    >
      <img
        alt="Remeras Entalladas Hombre De Importaci贸n Slim Fit!!"
        src="http://mla-s1-p.mlstatic.com/708594-MLA31133445654_062019-I.jpg"
      />
    </div>
    <div
      className="item-description"
    >
      <div
        className="item-price"
      >
        $ 
        249
        <span
          className="item-decimals"
        >
          99
        </span>
      </div>
      <div
        className="item-title"
      >
        Remeras Entalladas Hombre De Importaci贸n Slim Fit!!
      </div>
    </div>
    <div
      className="item-condition"
    >
      <span>
        Nuevo
      </span>
    </div>
  </div>
</div>
`;
